pcg_oneseq_16_xsh_rr_8_random_r:
      -  result:      8-bit unsigned int (uint8_t)
      -  period:      2^16
      -  state type:  struct pcg_state_16 (2 bytes)
      -  output func: XSH-RR

Round 1:
   8bit: 0x51 0xb3 0xa8 0xcb 0x37 0xdf 0x72 0xc7 0x84 0x09 0x5c 0x35 0xf2 0xf8
  Again: 0x51 0xb3 0xa8 0xcb 0x37 0xdf 0x72 0xc7 0x84 0x09 0x5c 0x35 0xf2 0xf8
  Coins: HHTTHHTHHTTTTHHTHHTTHTTHHTHTHHTHHTTTHTHHHHHHTHTTHTTTTHTHTTTTTHTHT
  Rolls: 1 4 4 3 6 3 6 5 3 2 5 6 1 2 3 6 5 3 6 4 5 6 6 6 3 3 1 3 1 4 4 3 1
  Cards: 6d 8c As Jd 7s 7d Ah Qc Kh 2h 5d 3h 2d 7h 7c 8d 8h Ad 9c Kc 3d 9s
	 6c 5h Qs Qh Td 5s 4d Tc 3c Qd 4h Kd 4s 4c Th Jh 8s Ks Ac 9h Jc Js
	 2s 5c 2c 9d 6s Ts 6h 3s

Round 2:
   8bit: 0x6c 0x59 0x96 0xcd 0x2b 0xf3 0xe5 0x18 0x5b 0x34 0x9b 0xd3 0x03 0x1f
  Again: 0x6c 0x59 0x96 0xcd 0x2b 0xf3 0xe5 0x18 0x5b 0x34 0x9b 0xd3 0x03 0x1f
  Coins: TTTTHTHHTTHTHTTTTTHHTHHHTHHHTTTTHTTTTHTHTHTHHTTTHHHTTHTTHHHTTTTTH
  Rolls: 3 3 5 1 3 3 5 4 3 2 6 4 2 4 5 2 4 6 5 4 5 5 1 3 5 5 1 3 5 6 5 2 4
  Cards: Js 5c Qs 9c 4c 6s 5d 2s 5s Tc 3c Kd Qd 2c 9d 8s 7c 2h Jc 4d Qc 6h
	 6d Jh Ac Ah 6c Th Ts Qh Ks Ad Kc 3d As 5h 9s 9h 2d 4s 8c 4h 8d Jd
	 8h 3h 3s Td Kh 7s 7d 7h

Round 3:
   8bit: 0x7d 0xa8 0xac 0x05 0xe8 0xa7 0x36 0x8a 0x1b 0xf4 0xd5 0x32 0xb1 0x4c
  Again: 0x7d 0xa8 0xac 0x05 0xe8 0xa7 0x36 0x8a 0x1b 0xf4 0xd5 0x32 0xb1 0x4c
  Coins: TTTTHTTHHTHTHTHHHHHHTTHHHTTTTTTHHTHHHHHHTTTTTHHTTHHHHHHTTHHTTTHTT
  Rolls: 2 5 5 6 1 2 3 5 5 2 5 4 2 4 3 5 3 1 5 1 6 5 6 4 6 4 4 6 4 6 3 2 5
  Cards: 7c Qs 6d Ac Jd 2s Ks As Tc 3d Qd 6h Ts 5h 6c 8c 3s 7h 5d 6s 9h 2c
	 9s Js Qh Td 3h 4h 4d 7s Kh 4s 9c Jh Kc Kd 7d 5c 8d 5s 9d 2d 8s 2h
	 8h Qc Ah Th Jc Ad 3c 4c

Round 4:
   8bit: 0xea 0x8b 0x50 0x77 0xdb 0xb6 0xdc 0x45 0x0f 0xc0 0xda 0xca 0xa9 0xc4
  Again: 0xea 0x8b 0x50 0x77 0xdb 0xb6 0xdc 0x45 0x0f 0xc0 0xda 0xca 0xa9 0xc4
  Coins: THTTTTHTTHTTHTHHTHHHHTHTHHTTTHHHHHHHTTTTHTHTTTTTHTHTHHHTHTTTHTTHH
  Rolls: 3 5 5 3 3 2 6 4 5 6 5 4 2 6 2 2 1 4 1 2 5 3 6 4 1 2 5 1 5 3 3 5 2
  Cards: 6h Kh Td 9h 6d Qs Tc Qc 2d Th 8s Js 7d 4c 7h 3s As 9c Ah Qd 8h 5c
	 4h 2h 3c 3d 4s 9s 2s Ks 6c Jc 5h 2c 7s Qh Ac 3h 6s Ts 8d 8c Ad 9d
	 5s 5d Jd Jh Kd 4d 7c Kc

Round 5:
   8bit: 0xc6 0x51 0x33 0xfb 0xca 0xf2 0x90 0xd4 0xb1 0x4a 0xbf 0x56 0xc0 0x43
  Again: 0xc6 0x51 0x33 0xfb 0xca 0xf2 0x90 0xd4 0xb1 0x4a 0xbf 0x56 0xc0 0x43
  Coins: HHTTTTTHTHTHTHHTTHHTHHHHHHHHHHHHHTTHTHTTHTHTHTTHTTHTHHHTTHHTHHTHT
  Rolls: 6 1 1 1 2 5 1 5 6 3 3 6 6 2 5 6 4 3 2 4 1 5 5 6 5 3 4 3 5 4 4 1 6
  Cards: Ah 3h 3c 6h As 6d Ts 6c 8d Th 7c 9d 5c 2s 5d 3d Tc 8c 8h Qc 9c 4d
	 9s 6s 9h 2d Kh 3s Td 7h 8s 7d Js 5h 4h Jc Ks 4s 2c Jd 7s Jh Ac Kd
	 Ad 4c 5s Qd Kc 2h Qh Qs

