pcg_setseq_16_xsh_rs_8_random_r:
      -  result:      8-bit unsigned int (uint8_t)
      -  period:      2^16   (* 2^15 streams)
      -  state type:  struct pcg_state_setseq_16 (4 bytes)
      -  output func: XSH-RS

Round 1:
   8bit: 0x74 0x4d 0xc7 0x64 0xaf 0xc0 0x2a 0x0b 0x56 0x58 0x06 0xa9 0xdc 0x53
  Again: 0x74 0x4d 0xc7 0x64 0xaf 0xc0 0x2a 0x0b 0x56 0x58 0x06 0xa9 0xdc 0x53
  Coins: HHHHTHHHHTTTTTTHHTHHTHTHTHTHHTTHHHHHTTTHTHTHTHHHHHTTTTHHHTTTHTHTT
  Rolls: 3 2 5 6 6 2 2 2 1 3 5 1 4 2 5 6 4 2 3 1 2 6 3 3 3 1 3 6 6 3 4 1 2
  Cards: Jd 6s 3d Qh 2c 7c Ts Kc 9d 5s Td Th Jc 4c 7h 8h 2h 9h Ad Ac Js 4h
	 Qs Ks Kh 5d 9c 6c 4d 8c 7s 2s Qc 4s 5h 3c As 9s 3h Qd 2d 6h 5c Kd
	 Ah 8s 3s 8d Tc 6d Jh 7d

Round 2:
   8bit: 0xf9 0x5e 0x18 0x56 0x5b 0xf8 0xa7 0xcb 0x44 0x1d 0xb2 0x84 0x50 0xa7
  Again: 0xf9 0x5e 0x18 0x56 0x5b 0xf8 0xa7 0xcb 0x44 0x1d 0xb2 0x84 0x50 0xa7
  Coins: THHHTTHTTTHHHTTTTHHTTHHHTHHTTHHHTHTTTHTTHTTHTHTTTHTTTTTTHTHTHHTHH
  Rolls: 6 1 1 2 1 3 1 4 1 2 5 4 4 4 1 5 4 1 6 5 3 6 1 3 4 2 3 6 1 1 1 2 6
  Cards: 3s Tc 6c 3d 7s Th 6d Kh As Qs 8d Td Jd Ah 4d 9d Ks 2d Kd Qd 9h 9s
	 7c 7h 5s Qh 2h 3c Qc 8s 8h 4s 4h 8c Ts Jc 6s 5d 5c 9c Js 2s 4c Ac
	 Ad Kc 3h 5h 7d 6h Jh 2c

Round 3:
   8bit: 0x9d 0xd9 0x08 0x19 0x73 0x6b 0x85 0x39 0x0b 0x84 0x11 0x2b 0xd8 0x29
  Again: 0x9d 0xd9 0x08 0x19 0x73 0x6b 0x85 0x39 0x0b 0x84 0x11 0x2b 0xd8 0x29
  Coins: TTTTHTHHHTHHTTTHTTTHTTTHTTTHTTHHTTTHTHHHTHHHHHHTTHTTHHTHHHHHHTHHT
  Rolls: 5 1 5 6 6 6 5 2 3 4 6 6 3 6 4 6 3 5 2 3 5 5 6 6 2 1 6 1 4 2 5 2 6
  Cards: Tc Ks Kc 5h 5s Kh 4d 9c 6d 4c 7d 5d 2c 7s 3s 9d 2s 3c 8s Qd 6s Ah
	 9s 7h 4h Qc Js Jc 6c Kd 7c 8h 9h 4s Jh 2d Qh Jd 8d Td 5c Th 3d Ad
	 Ts Ac 2h 3h 6h Qs As 8c

Round 4:
   8bit: 0x84 0x86 0xfc 0xe4 0x4f 0xa4 0x85 0x2f 0x54 0xc9 0x3d 0xd3 0xbe 0x4e
  Again: 0x84 0x86 0xfc 0xe4 0x4f 0xa4 0x85 0x2f 0x54 0xc9 0x3d 0xd3 0xbe 0x4e
  Coins: HHTHTHTTTHHHHHTTHHHHTTTTHTTHHTTTHHHHTHHHHHTHTHTTHHHHTTHTTTHTHHHTT
  Rolls: 1 3 1 6 5 5 6 4 5 2 5 2 5 3 2 6 5 2 6 1 5 3 3 1 4 6 1 5 4 1 4 4 5
  Cards: Qh 7c 3s 6d 3d As 4s 8d Ks Kd 5c Qd Qs 4h 6h 4c 2d 6c 9h 2s 2c Jc
	 Tc 9c 8s 8c Ac 5h 5d Td Jd 7h 5s 6s Th Js 3c 2h 4d 7d 9d 8h Kh Ah
	 Ad 7s 3h Kc Ts 9s Qc Jh

Round 5:
   8bit: 0x7d 0x7f 0x55 0xe8 0x29 0x0e 0xb7 0xa1 0x49 0xe9 0x37 0xc1 0x85 0x4c
  Again: 0x7d 0x7f 0x55 0xe8 0x29 0x0e 0xb7 0xa1 0x49 0xe9 0x37 0xc1 0x85 0x4c
  Coins: THHTTTTTTHTTHTHHTTHHHHHTHTHTTTHHHTTTTHHHTHTTHHTHTTHTTHTTHTHHTTHTT
  Rolls: 1 4 1 4 4 2 4 2 5 2 3 4 3 5 1 3 6 1 6 4 1 6 1 6 2 6 1 3 6 3 6 4 4
  Cards: 7s Jd 8d 9d Ac Qd 6h 3h 4c Kd Ks 4h 4s Ad 5d 9s 8h 4d Ts 9h Kh 3s
	 Qh 6c 6d 3c 8s Qc Jh Th 6s Ah Td As 2s 5s 7d 8c 5h Jc 7h Js 2d 2h
	 2c 3d 7c Tc Kc 5c Qs 9c

