pcg_setseq_16_xsh_rr_8_random_r:
      -  result:      8-bit unsigned int (uint8_t)
      -  period:      2^16   (* 2^15 streams)
      -  state type:  struct pcg_state_setseq_16 (4 bytes)
      -  output func: XSH-RR

Round 1:
   8bit: 0xf5 0x8a 0x7f 0xcb 0xed 0xfe 0xad 0xe7 0xc7 0x2f 0x13 0xcc 0x15 0xcd
  Again: 0xf5 0x8a 0x7f 0xcb 0xed 0xfe 0xad 0xe7 0xc7 0x2f 0x13 0xcc 0x15 0xcd
  Coins: HHTHTHHTTHTHHTHHHHHTTTTHHHHTHTTTHTTTHHTHHTTHTHTTHTHHHHTTTTTTHTTHH
  Rolls: 2 3 1 4 6 3 6 5 3 3 5 1 3 6 6 4 4 2 5 5 1 1 4 2 1 3 2 4 6 2 5 1 6
  Cards: 2c Qd As 9s 4d Kc Jh 5d Tc Qs 7c Ad 6d 3s Kd 3h 6c Ks 4h Kh 6s Td
	 Jc 2d 9d 5h Ah 8c Ac 3d Qh 9h Ts 2s 4s 7h 9c 3c 2h 5c 5s 8d Qc 6h
	 8h Jd 7s 8s 4c Js 7d Th

Round 2:
   8bit: 0x93 0x58 0x7d 0x12 0x03 0x8f 0x3a 0x2c 0xb8 0xfd 0xc6 0x86 0xe9 0x7c
  Again: 0x93 0x58 0x7d 0x12 0x03 0x8f 0x3a 0x2c 0xb8 0xfd 0xc6 0x86 0xe9 0x7c
  Coins: TTTHHTTTHTTHHHHHHHHTHTTHTTHHHHHHTHHHHHHTHHTTHHHTTHHHTHHTHTTHTTHHH
  Rolls: 5 3 3 2 2 4 3 2 6 1 3 5 3 1 4 4 6 2 4 2 4 2 4 2 3 4 1 4 3 6 4 4 2
  Cards: 6c Ad 6h 4d 2h Th Td Qc 9s 7d 6s 5d 8c 4s 2c 2s Qd Qs As Jc Jd 3c
	 3s 5h Ac 4c 8s Kd 8d Jh 5s Qh 5c 7s Kc Kh 2d 7c 7h 9d 9h 6d 3d Ah
	 9c Js Ks 8h 3h 4h Ts Tc

Round 3:
   8bit: 0xc2 0x0d 0x12 0x4b 0x89 0xfe 0x9c 0x0b 0x01 0x02 0x13 0x73 0x04 0x8a
  Again: 0xc2 0x0d 0x12 0x4b 0x89 0xfe 0x9c 0x0b 0x01 0x02 0x13 0x73 0x04 0x8a
  Coins: HTHTTTTTHHHTTHTTTTHHHTHHTHTHTTTTTTHTHHTHTTHTHHHHHTHTTTTHHHHHTHTTH
  Rolls: 3 6 3 3 6 5 2 3 3 4 6 1 2 3 4 5 3 5 3 6 6 6 1 6 4 2 2 1 1 6 6 2 5
  Cards: Ah 2h Qd 2d 9d 3s 8d 8c Ks 7s Jh 6d Qs 5c 7d Th Ts Jd 9s 4h Jc Tc
	 4s 6h Js 5s 8h 2s 3c Ad As 5d Kd 7h 3d Ac Kc 3h 9c 8s 4d 4c 5h 6c
	 2c 9h Qh 6s Qc Td 7c Kh

Round 4:
   8bit: 0x93 0x2b 0x8a 0x48 0xf9 0xf7 0x22 0xef 0x7c 0x76 0xdc 0x06 0xed 0x30
  Again: 0x93 0x2b 0x8a 0x48 0xf9 0xf7 0x22 0xef 0x7c 0x76 0xdc 0x06 0xed 0x30
  Coins: THTHHHHTTTTHHHHHHTTTTHHTTHTHTHTTHTTTHTTTTTTTHTHTHHHHHTHTTTTTTTHTT
  Rolls: 6 6 4 6 5 2 5 3 5 2 4 5 1 6 5 4 2 6 6 2 3 5 4 4 4 6 6 2 5 5 4 4 2
  Cards: 6c 5h 5c 9d Ac 2c 4c 9c Ts 8c 2h Qc 3h 3c Tc 4s 2s Jc 8d 4d Jd 3s
	 Kc Qs As Js Kd Ad Qd 3d 8s 7h 5d Td Jh 2d Kh 7d 8h 7c 6s Qh 6h Ah
	 7s 6d 5s Th 9s 4h 9h Ks

Round 5:
   8bit: 0xd7 0xc1 0xac 0x73 0x20 0xfd 0xf8 0xb1 0xe0 0x80 0xe2 0x17 0x4a 0x5a
  Again: 0xd7 0xc1 0xac 0x73 0x20 0xfd 0xf8 0xb1 0xe0 0x80 0xe2 0x17 0x4a 0x5a
  Coins: THHTTHTHTHTHHTTTTTTHHHHHHHTHTHHHHHHTTHTTTTTTTTHTTTHHTTHTTTTTHTTHT
  Rolls: 1 6 2 2 4 5 5 6 4 6 1 6 1 6 3 4 5 2 2 4 5 6 3 1 1 1 3 5 4 5 2 1 1
  Cards: 6s Qh 9d 7c 5d Ts Td Qd Jd 3d 3h 3c Ks Kh Jc 8c 7d 6d 2c 9c Kc Js
	 5s 2s Ac Qc 5h 2h Ah 3s 6h 4c 7h 7s As 4h Qs 8h 6c Kd Tc Ad 4s 9s
	 Jh 2d 5c 8s 8d 4d 9h Th

