pcg_mcg_16_xsh_rs_8_random_r:
      -  result:      8-bit unsigned int (uint8_t)
      -  period:      2^14
      -  state type:  struct pcg_state_16 (2 bytes)
      -  output func: XSH-RS

Round 1:
   8bit: 0x05 0xa0 0x40 0x21 0x21 0xe9 0x10 0xbf 0xac 0x0d 0x72 0x8c 0xc8 0x41
  Again: 0x05 0xa0 0x40 0x21 0x21 0xe9 0x10 0xbf 0xac 0x0d 0x72 0x8c 0xc8 0x41
  Coins: TTTTHTTTHHHTHHTHHTTHTTHHTHHTTHTHTTTHHTTHTHTTTHHTHHHHTTHHHHTHHHTTT
  Rolls: 2 4 1 4 6 6 4 6 6 4 3 3 1 5 2 2 2 4 1 2 4 4 4 3 3 5 3 1 2 5 3 4 4
  Cards: 6c As 2h 3s 5c Ks 2s 4d 2c Tc Kc Th 5h 6s 8c Js 9c Jh 8h Ts Qh 9h
	 Ad Td Qc 9d 7s Qd 8d Jd 4s 9s 5s Ah Qs 7h 4c Ac 3h 8s Kh 3c 2d 6h
	 7c 4h Jc 5d Kd 6d 7d 3d

Round 2:
   8bit: 0xcb 0x1e 0x7e 0xa9 0x54 0x46 0xa6 0x46 0xde 0x83 0xea 0x5f 0x22 0xbc
  Again: 0xcb 0x1e 0x7e 0xa9 0x54 0x46 0xa6 0x46 0xde 0x83 0xea 0x5f 0x22 0xbc
  Coins: TTHHHHHTTHHHHTTHHTHTHTHTHHTTHHHTTTHHTHTTTTHHHTHHHTTHTHTHHHHTTHTHT
  Rolls: 1 4 4 5 1 2 1 1 4 2 3 5 2 5 5 5 6 2 1 4 1 5 6 1 6 3 3 3 3 4 3 3 5
  Cards: 2d Qh 4d 3h 9d Qs 7h Ts 4h Ah 3s Kd 5h Th 6s 9c 9h 5s Qc 6c Js Qd
	 Ad 5d Ac 2s 4c As Jh 3c 6h 8d Kh 8s Kc 4s Tc 2h Td 2c Ks 7c Jd 8h
	 5c 8c 6d Jc 3d 9s 7s 7d

Round 3:
   8bit: 0x09 0x6c 0x85 0x87 0x19 0x4a 0xfb 0xb0 0xb5 0x0f 0x0a 0x52 0xf0 0x96
  Again: 0x09 0x6c 0x85 0x87 0x19 0x4a 0xfb 0xb0 0xb5 0x0f 0x0a 0x52 0xf0 0x96
  Coins: HHHHHHTTTHHHTHHHTTTHTHTHHHTHTHTTTHHTTTTTHHTTHTTTTTHTHTHTTHTTTTTTT
  Rolls: 3 3 2 6 3 1 5 6 2 1 3 1 6 6 4 5 2 3 2 1 6 2 1 1 2 3 5 4 6 1 6 5 2
  Cards: Qs 8h Ks 6d 5h 7d Tc 4c As Ts Qc 7c 4h Jc 5d 9c Kh 3d Ac Jh 9h 5s
	 Qh 2h 8s Jd 2s 6h Td 4d Ah 6c 3s 6s 9s 3h 9d 7h Th 8d Js 4s Kd 3c
	 Qd 7s 8c Kc 2d 5c Ad 2c

Round 4:
   8bit: 0x72 0x69 0x31 0x2c 0xfd 0x01 0x2a 0xcb 0x8f 0xdc 0x76 0x0f 0xca 0x25
  Again: 0x72 0x69 0x31 0x2c 0xfd 0x01 0x2a 0xcb 0x8f 0xdc 0x76 0x0f 0xca 0x25
  Coins: TTHTTTHHTTHHTTHTHHHHTHHHTHHHHTTTTHTHHHHTTHTTHTHTHTHTHHTTTHHHHHHTH
  Rolls: 3 6 4 1 5 1 5 4 3 6 2 3 6 5 1 5 1 5 1 5 5 6 3 4 4 1 1 3 3 3 5 3 4
  Cards: 2s 2d 8h Ks Qs Ad Jd 8c 9c 5c 7h 5s 4d 3d 6c Tc Js 7d 9s Qc 8s Qd
	 Ah 7c 5d 5h Qh Ac Th Kc 4c Kh 7s 6s Jc 4s Kd Ts 9h Td 8d 3c 4h As
	 2c 9d Jh 6h 3h 2h 3s 6d

Round 5:
   8bit: 0xb3 0x7b 0x2e 0xdc 0xe6 0x12 0x5f 0x5d 0xac 0x1c 0x35 0xab 0xdf 0x64
  Again: 0xb3 0x7b 0x2e 0xdc 0xe6 0x12 0x5f 0x5d 0xac 0x1c 0x35 0xab 0xdf 0x64
  Coins: THTTTHHHTTTHTTHTTTTTTTTTHHHTTTHHTTHHTTTTTTHHHTTTTTTHHHTTHHTTHTHTT
  Rolls: 3 2 1 3 6 4 3 1 2 1 2 5 1 3 3 5 3 5 4 3 3 4 1 5 2 4 1 1 3 6 4 3 3
  Cards: Ah 4h 5s 3s 7s Js Ac Ad 2c 7d Ts 9d Qs Jc Qh Kc 6c 2h 4d Tc 7h 8h
	 3c Qc 8s 8d 8c 4c Qd Jh 5d Th Kh 7c 3h 9c 9h Jd As 6h Kd 6d Td 2d
	 4s 9s 3d 2s 6s 5h 5c Ks

