pcg_setseq_128_xsh_rr_64_random_r:
      -  result:      64-bit unsigned int (uint64_t)
      -  period:      2^128   (* 2^127 streams)
      -  state type:  struct pcg_state_setseq_128 (32 bytes)
      -  output func: XSH-RR

Round 1:
  64bit: 0x32bc197f2f4571fc 0x046ad09ee341b1e8 0x27dfcdce23595fc7
	 0xb49cee1a5ea333c1 0x88bf84786ecdbce0 0x90071ae465ce622b
  Again: 0x32bc197f2f4571fc 0x046ad09ee341b1e8 0x27dfcdce23595fc7
	 0xb49cee1a5ea333c1 0x88bf84786ecdbce0 0x90071ae465ce622b
  Coins: HHHHTTTTHHTHTTHHHHHTTTTTTTTHHTHHHTHHTHHTHTHTHHTTTTHTHHHHTHTTTTTHT
  Rolls: 4 3 6 6 6 3 6 4 4 5 4 3 6 6 5 3 1 6 5 5 6 1 6 1 1 5 1 2 3 3 2 5 2
  Cards: Qh Qd Tc 4d Ks 5s 4s 8c 2d 2h 9s Jc 3s Js 8d 4c Td Kc 5d 7d 8h As
	 6c Jd Kh 7c 7s 3h 9h Qs 2s 2c 6d 9c Ah Qc Ts 8s 6h Th 9d Kd 3d Ad
	 4h Ac 3c 7h 5h Jh 6s 5c

Round 2:
  64bit: 0xd466514bd434aa55 0x5caf1c745646e475 0xd75d7f68efb53e0a
	 0xda4271429d4360e0 0xe7e519746192971c 0xf2207d9343bfa0c5
  Again: 0xd466514bd434aa55 0x5caf1c745646e475 0xd75d7f68efb53e0a
	 0xda4271429d4360e0 0xe7e519746192971c 0xf2207d9343bfa0c5
  Coins: HTTHHTHHTHHHHHTHTHTHHTTHTTHHTHHHHTHHTHTTTHHHTTTTHHTTHTHHTTHHHTTTT
  Rolls: 3 6 3 5 5 3 3 2 3 3 2 3 4 1 4 3 1 5 2 6 4 4 2 1 1 4 3 5 6 2 6 2 2
  Cards: 2s 4s 2d Js Jd 6d 4d Ac 5s 7d 4h Jc Td 9h Ks Th 3c 3d 3s Jh 7c 2h
	 5d 9s 6c Kd Qs Kh 9d 9c 6h Qh 8s Ah Qc 7h 5h 8c 7s 8d Ad 6s 2c As
	 3h Qd Kc Tc 8h 4c Ts 5c

Round 3:
  64bit: 0x68958314a357691b 0x835bb1399777cb82 0x624637222f8756ec
	 0x22801cd396ae136a 0x737d473106480a6b 0x688ad0b11796f5ca
  Again: 0x68958314a357691b 0x835bb1399777cb82 0x624637222f8756ec
	 0x22801cd396ae136a 0x737d473106480a6b 0x688ad0b11796f5ca
  Coins: HTHTHHHTHHTHTHTHTTTTTTTHHHHTHHHTTTHHTTHTTHHHTTHHHHHHTHHHHTTHTHTTH
  Rolls: 4 6 4 2 3 5 4 4 4 2 4 4 2 4 1 4 2 2 3 1 2 1 5 6 3 5 1 4 3 1 1 5 1
  Cards: 2d 9h Ah Qc 4s Th 6c Ad 7d Ac 4c Kh 6d 3h 2c 5d 8s Kc Jh 8d Kd 3c
	 5s 5h Tc Qd Js 9c Jd 2h Ts 7h Qs 6s 7c 3s Qh 5c 4d 6h 9d 7s 8c Ks
	 2s 9s 3d Jc Td As 4h 8h

Round 4:
  64bit: 0x70b154906436b7b1 0x59b96c6b3bfb4547 0x09c3ed5f4b106d80
	 0x95042b4582f5120e 0x54a6e1cbd6439a12 0x4f27f1908dc23136
  Again: 0x70b154906436b7b1 0x59b96c6b3bfb4547 0x09c3ed5f4b106d80
	 0x95042b4582f5120e 0x54a6e1cbd6439a12 0x4f27f1908dc23136
  Coins: HHTHTTHTHHHTTTHTHTTHTTTTTHTHHTHHTTHTHTHTHHTHTTHTTTTHHHHHHTHTTHHHT
  Rolls: 3 1 6 5 5 2 3 1 3 5 5 5 6 3 4 6 2 3 1 2 6 5 1 5 3 5 6 5 6 1 4 1 3
  Cards: 4c 9s Jd Ad 2d 4d 6s 5c Qd 3d 5h 4s 2s Js 3s Td 9d 7s 7h 6h Ah 9h
	 Jc Kd 4h Kh 7c 6c Ks Ac 3c 8d Tc 7d 9c As 2h 5s 6d 8h 3h 8s Kc 2c
	 5d Ts 8c Qh Th Qs Jh Qc

Round 5:
  64bit: 0xa9c0cd13ca953685 0x9636f7a4f384be70 0x74527281ad5f4faf
	 0x6553b2e166ca45d9 0x585499403842c2f1 0x230b9fbdb5e5e09a
  Again: 0xa9c0cd13ca953685 0x9636f7a4f384be70 0x74527281ad5f4faf
	 0x6553b2e166ca45d9 0x585499403842c2f1 0x230b9fbdb5e5e09a
  Coins: HHTTHTHTTHHTHTTTTTTTTHTHTHTTHHHHTTTTTTTTHTTTTHTHHTTTTHHTTHHHHTTTT
  Rolls: 5 6 3 3 2 4 2 4 6 3 6 4 3 2 4 6 4 5 4 4 2 2 5 6 1 3 3 4 3 3 2 2 4
  Cards: 4c As 2h 9s 3h 2s 8s Ad 3d 9d Ts 3s Js 5h Jd 5s Tc 5d Qh Ks Th 7d
	 6s 6d 3c 2c Jh Qd 8h 9h 4s Jc 9c Kd Td 5c 7s 4h 6c 2d 7c Qs 8c Kc
	 Ac 4d 6h 8d Kh 7h Qc Ah

