pcg_oneseq_16_xsh_rs_8_random_r:
      -  result:      8-bit unsigned int (uint8_t)
      -  period:      2^16
      -  state type:  struct pcg_state_16 (2 bytes)
      -  output func: XSH-RS

Round 1:
   8bit: 0x4d 0xbb 0xa6 0x61 0x47 0x66 0xb5 0x65 0x63 0x03 0xd9 0x8f 0x42 0x01
  Again: 0x4d 0xbb 0xa6 0x61 0x47 0x66 0xb5 0x65 0x63 0x03 0xd9 0x8f 0x42 0x01
  Coins: HTHTTHTTHHTTHHTHTTHHTTHTTHTTHTTHHTTHHHTTHTHHTTHHTTTTHTTHHTTHTTHTH
  Rolls: 2 4 6 2 3 1 5 4 6 1 6 1 1 5 6 2 6 2 6 3 3 1 5 2 1 3 2 1 4 6 2 6 1
  Cards: 6s Ad 2h 8s 4h Qc Tc 3c Kc Kd Qd 6c Ks 3d 8h Th Js Qs Jh 9h 9d 7c
	 As Td 4c Qh Kh 7d Jc 7h 4d 5c 5h 4s 8d 3s 7s 6d Ac 9c 9s 6h 5d 2s
	 Ts Ah 2d 8c 2c Jd 3h 5s

Round 2:
   8bit: 0x4d 0x45 0x80 0xe4 0x99 0xeb 0x78 0x08 0x75 0xad 0xcf 0x87 0x6e 0x51
  Again: 0x4d 0x45 0x80 0xe4 0x99 0xeb 0x78 0x08 0x75 0xad 0xcf 0x87 0x6e 0x51
  Coins: HTHTTHTHHHHTTHHHTTTHTTHHTTHHHTHTTHTHHHTTTTTTTTHHHTTTTTHHTHHTTHHHT
  Rolls: 4 2 3 2 3 6 4 3 6 5 6 1 5 2 4 4 2 1 3 1 1 4 3 6 5 2 4 1 1 2 3 4 3
  Cards: 2h 8h 6d Qd 7c Jh 9c 7s 7h As 4d 4s 9s Qc Ah 5h Js Th 5d Kh Kc 3d
	 Ks Ad Td Ac 5c 2s 8s 3s 8d 4h 8c 2c Jd 3c 9d Qs Tc 9h 6h 4c Ts Qh
	 Jc 2d 6c 6s 7d 5s 3h Kd

Round 3:
   8bit: 0xfb 0x68 0xf6 0x30 0x64 0xb3 0x6e 0xb8 0x50 0x96 0x70 0x7e 0xa7 0x4a
  Again: 0xfb 0x68 0xf6 0x30 0x64 0xb3 0x6e 0xb8 0x50 0x96 0x70 0x7e 0xa7 0x4a
  Coins: TTTHTHTHHTTTHTTHTHHHTHHTTHTHHHHHTHHHTHTTHTTTTTTHHHTTTHHTHHHTHHHTT
  Rolls: 2 2 3 5 6 3 4 3 4 3 2 4 4 2 3 6 4 3 6 3 1 1 2 3 6 2 1 1 1 3 4 1 6
  Cards: 6d Kh 3c Ad Qd 9d Td 6h 3h 2s Kc 5d 7c 9h 5s 8h 6s Kd Qh 7d 2c 9c
	 3s 4d Jh Jd 4h Qc Ac 8s 8d Js Ts 3d 5c 4s 8c 2d 6c Ks As Jc 9s 2h
	 7s Qs Th Ah Tc 4c 5h 7h

Round 4:
   8bit: 0xb3 0x16 0x41 0x51 0x14 0x5d 0x8f 0xca 0x6e 0x8f 0xc4 0x3b 0x74 0x81
  Again: 0xb3 0x16 0x41 0x51 0x14 0x5d 0x8f 0xca 0x6e 0x8f 0xc4 0x3b 0x74 0x81
  Coins: HTHTHTHTTHHHHTHHHTHHTTHTHTTTHHHTTHHHTHTHTTHTHHHTHTHHHTTTHHHTTHTHT
  Rolls: 4 4 1 6 3 5 1 3 4 6 5 1 5 3 6 6 6 6 5 3 2 4 4 6 3 1 6 3 1 1 3 3 5
  Cards: 5c 7c 2s Kh Kc 8h 7h 9s Kd 5s 4h Qd Ah 3d Tc Jd 6d Ad 8s 6h Qs 2d
	 7s 5h 3s Ts 2h Th 9c As Js 4s 6c 2c 9d 8c 3c 3h 5d 4d Qc 8d 6s Jc
	 Ks Jh Ac 4c Qh Td 7d 9h

Round 5:
   8bit: 0xb9 0x07 0xd4 0x87 0xc4 0x46 0xcd 0x1b 0xe6 0x36 0x42 0xbe 0x66 0xf4
  Again: 0xb9 0x07 0xd4 0x87 0xc4 0x46 0xcd 0x1b 0xe6 0x36 0x42 0xbe 0x66 0xf4
  Coins: THHTTHTTTHTTTHTHTTTHTHHHTHHHTTHTTTTHHTTHHTTTHTTTTHHHTTHHHHTTTTHHH
  Rolls: 1 4 2 1 5 6 1 6 4 4 4 1 1 2 5 2 1 6 2 5 5 4 2 6 6 2 4 4 5 1 3 6 1
  Cards: Jh 4d 7s Kc 2c Th 8h 9c Js Qh 6s 3s 3d 9d 7c Ac 5h 5c 6d 5s 9s Jc
	 Qd 3c 2s 4s 8s Jd Qc Ks 2d 8c Kh 4c 2h 4h 5d Qs 3h Ts Td Ah Tc 9h
	 6h 7d 8d 7h Kd 6c As Ad

