pcg_setseq_8_rxs_m_xs_8_random_r:
      -  result:      8-bit unsigned int (uint8_t)
      -  period:      2^8   (* 2^7 streams)
      -  state type:  struct pcg_state_setseq_8 (2 bytes)
      -  output func: RXS-M-XS

Round 1:
   8bit: 0xea 0x4d 0x8a 0x45 0x6b 0x23 0xcb 0xaa 0xf7 0x63 0xec 0x30 0x39 0xbc
  Again: 0xea 0x4d 0x8a 0x45 0x6b 0x23 0xcb 0xaa 0xf7 0x63 0xec 0x30 0x39 0xbc
  Coins: TTTHHTTHHTTHTHHTTHTHTHTTTHTHHHTHHHHTHHHHHTTHHTHTTTTTTTTTHTHHHHHHH
  Rolls: 5 2 3 6 5 2 5 3 5 4 1 5 3 2 2 4 6 3 5 6 3 4 1 3 4 2 4 1 2 5 3 4 6
  Cards: 4c 9d Kd Td Tc 5s 3d 6c 9s Ts 6h 2h 2d 9h Qc Qh 2c 5c 8d 9c Kc Th
	 Js Qs 6s 7c 8c As 6d Jd Qd 2s Jc 5d 4s 7s Jh 3c 3h 8s 7d Ks 8h 5h
	 3s Kh Ad Ah 4h Ac 7h 4d

Round 2:
   8bit: 0xcd 0x0a 0xd9 0xc1 0x3a 0x76 0x98 0xfd 0x95 0x79 0xfc 0xf6 0x73 0x64
  Again: 0xcd 0x0a 0xd9 0xc1 0x3a 0x76 0x98 0xfd 0x95 0x79 0xfc 0xf6 0x73 0x64
  Coins: HHTTHHHHTHTHHTTHTTHTTTTHTHTTTHHHHTTHHTTTTTHTHTHTTTHHTHHTHHHTHTTTH
  Rolls: 5 2 6 5 2 3 4 5 4 1 6 1 4 6 6 6 3 2 4 3 1 4 3 1 5 5 2 2 5 5 4 4 3
  Cards: 7h 3d Kh 7d 4d 9s 6s 8c Ts 4s Kd 4c 2c Qh Ah 5c 7c Th Ad Tc Js 7s
	 8h 3h Ks 9d Ac Kc 6h 8s 4h Td 9h Qs 3s 2s 2d 5d 3c 8d Jc 2h 5h As
	 Jh 6c Qd 6d Jd 5s 9c Qc

Round 3:
   8bit: 0xf9 0x16 0x19 0x92 0x11 0x70 0x25 0xe2 0x14 0x34 0xd5 0x36 0x03 0xfa
  Again: 0xf9 0x16 0x19 0x92 0x11 0x70 0x25 0xe2 0x14 0x34 0xd5 0x36 0x03 0xfa
  Coins: THHHHTTHTHTTHHHTHTTHHTTHHTTTTHHHTHTHHTHHTHTTHHHTHHTHHTTTTTTHHHTTH
  Rolls: 5 1 4 4 6 3 3 4 1 1 2 5 2 2 5 5 3 2 6 2 1 1 2 5 6 4 5 5 4 2 2 2 3
  Cards: 8c Ad Ts Jd 6h 8d 5d Qh 9s 7c 4c 2c Ks 5c Qc 9d Jc 2s 7d Qd 2d 8s
	 Ac 3s Kd As 4s Ah Tc 5h 7s Qs 3c Js 9c Kc 9h 4h 6c Th 4d 3h Jh Kh
	 6s 6d 8h Td 2h 5s 7h 3d

Round 4:
   8bit: 0xdd 0xc4 0xa3 0x7a 0xe1 0x9a 0xed 0xea 0x4d 0x8a 0x45 0x6b 0x23 0xcb
  Again: 0xdd 0xc4 0xa3 0x7a 0xe1 0x9a 0xed 0xea 0x4d 0x8a 0x45 0x6b 0x23 0xcb
  Coins: THHTTHTTTTHHTTHHTTHTHHTTHTHTHTTTHTHHHTHHHHTHHHHHTTHHTHTTTTTTTTTHT
  Rolls: 2 6 4 2 4 2 4 5 2 3 6 5 2 5 3 5 4 1 5 3 2 2 4 6 3 5 6 3 4 1 3 4 2
  Cards: Qs 5s 7h Ad 3s 3c 2c Ah 5c Jd Tc 9s 6h Js 2d 8h 9h 4s As 2h 3d 7s
	 3h Qc Qh Td 8c 9d Ts 6s 5h 6d 4h Kh Qd 4c 2s Ac Jh Jc 7d 8d 5d Kc
	 6c 7c Th 4d Kd 8s 9c Ks

Round 5:
   8bit: 0x65 0x5c 0xfe 0x02 0xb7 0x4e 0x60 0xcd 0x0a 0xd9 0xc1 0x3a 0x76 0x98
  Again: 0x65 0x5c 0xfe 0x02 0xb7 0x4e 0x60 0xcd 0x0a 0xd9 0xc1 0x3a 0x76 0x98
  Coins: HHHTTHTHHTTHHHHTHTHHTTHTTHTTTTHTHTTTHHHHTTHHTTTTTHTHTHTTTHHTHHTHH
  Rolls: 6 5 2 1 1 3 4 5 2 6 5 2 3 4 5 4 1 6 1 4 6 6 6 3 2 4 3 1 4 3 1 5 5
  Cards: Jd Kd 5c Jc 4c Js 7d Kh 4h 7s Ah 9h 5d 3h Kc 3s Qh 8h 6d 6s 4d 9d
	 8s 3c 4s Ts 5h 5s Ac Qd 7c 2d As Ad 2c 2h 7h 8d 9s 6h Ks 6c Qs 3d
	 2s Td Qc 9c Jh Th Tc 8c

