pcg_setseq_64_xsl_rr_32_random_r:
      -  result:      32-bit unsigned int (uint32_t)
      -  period:      2^64   (* 2^63 streams)
      -  state type:  struct pcg_state_setseq_64 (16 bytes)
      -  output func: XSL-RR

Round 1:
  32bit: 0x068f20a8 0xed610a2e 0x3911c946 0xd94c9c1c 0x0d4b401a 0x92ee3d83
  Again: 0x068f20a8 0xed610a2e 0x3911c946 0xd94c9c1c 0x0d4b401a 0x92ee3d83
  Coins: TTTTHHHTTTHHTTTTHHTTHTTTHHTHTTHTTHTHHTHTTHHHTHTHHTHTTTTTHTHHHHHHT
  Rolls: 5 6 1 1 2 4 6 5 1 2 3 1 4 5 6 4 4 1 1 1 4 1 5 3 4 5 4 6 5 5 1 3 5
  Cards: Ac Js 5d 6d 9c Kh 2c 5h Jc 8s Th Qc 6c 8h 5c 9h 2s 7c 4h 6h Jh Kc
	 7s 4s 2h Td Ks 3h 8c Tc Qs 4c 5s 6s 9d 4d 3c 2d Ad As Ts 3d Qh Ah
	 3s 9s Kd 7d 7h 8d Jd Qd

Round 2:
  32bit: 0x3a9e3bdf 0x47e28b1e 0xc9674fb6 0x29695774 0xe316f894 0xa42c7304
  Again: 0x3a9e3bdf 0x47e28b1e 0xc9674fb6 0x29695774 0xe316f894 0xa42c7304
  Coins: THTHTHTTTTHHHHTHTTTHTTHHHHHTHHTTTTTTHHHTTTHHTHTTTTTHTTHHTTHTTTHHH
  Rolls: 1 5 6 3 3 5 3 2 5 2 6 4 4 6 2 1 6 1 5 4 3 5 4 6 2 2 1 3 6 6 5 3 3
  Cards: Tc Ad Jh 7d 3c 8s Qc Kh 2c 5h 7s 9h Jd 5s As 6d Qd 5c Jc 9c 3d Qs
	 Td Kd 8h 2d 3h 8c 8d 4d 9s 2s Th Ah Js Kc 9d 7h 6h 4c 7c Qh 6s 6c
	 4s Ts 4h Ks 5d 2h 3s Ac

Round 3:
  32bit: 0x33a1135a 0xdf0b2292 0xe5fe4be8 0xb9e66edf 0x0d7ee8d1 0x7afe88b3
  Again: 0x33a1135a 0xdf0b2292 0xe5fe4be8 0xb9e66edf 0x0d7ee8d1 0x7afe88b3
  Coins: TTTTHTTHHHHHHHTHTTTHTTHTTHHHTTHHHHTHTTTHHTTTTHTHHTHHHTHHHTHTHHTTT
  Rolls: 6 1 5 6 2 5 1 3 4 4 4 5 6 5 1 1 4 5 4 2 2 6 3 3 5 1 5 5 6 5 3 3 2
  Cards: 8h Qh 5d 9h 3c Jc 6d Kc Ks Ac 4c 4h 7d 3s 2s Js 7c 3d Ad 8s Kh Jh
	 9s 8d 6c Qs Qc 9d Ah 8c 3h As Kd 6h 2c 7h 2h 4s 9c Jd Tc Th 5c 6s
	 4d Ts 5h 2d 5s Qd 7s Td

Round 4:
  32bit: 0xc2b46f08 0xdc1ecee7 0x79eb99a1 0xfb8ba359 0x6cd8b729 0x51c08e70
  Again: 0xc2b46f08 0xdc1ecee7 0x79eb99a1 0xfb8ba359 0x6cd8b729 0x51c08e70
  Coins: HTHTTTHHTHHHHHHTHHHHTHTHTTHHTTTTTHHTHTTTTHTHHTTTTTTTTHTTTHHTTTHHH
  Rolls: 1 2 5 2 1 5 2 6 2 4 1 3 5 3 2 4 5 3 2 4 6 4 5 4 3 3 1 5 6 2 4 5 6
  Cards: 8h 2h Qc 7c Th Ac 7h 3d Jh 5s 5d 6c Qs 9c Kd 6s Ad Qd 9h Td 5h 7d
	 9d As 2d Kc 4h 4c 3s 8s Ts Tc Ks 9s 8d 7s 2c Jd 6d Kh Ah Jc Js 8c
	 2s 5c 3c 4s Qh 6h 3h 4d

Round 5:
  32bit: 0xeebc64ec 0x249e068f 0x2bfcb278 0x4a7600a9 0x3161c73d 0xd92b6f68
  Again: 0xeebc64ec 0x249e068f 0x2bfcb278 0x4a7600a9 0x3161c73d 0xd92b6f68
  Coins: TTTTTTHTTHTTHHHHTHHTHTTTHHTHHHTTTHTTHHTHHHHHTTHHTTHTHTTTHHTTHTTHH
  Rolls: 5 3 2 6 1 5 1 2 4 1 5 5 6 4 1 4 6 5 4 6 2 3 3 5 1 1 6 2 5 1 4 6 4
  Cards: 4h 7h 5h 4c 5s 9h 8s Qs 2h 6h Ts 3d Ks Qd 5d 8c 8h 2c 3s Ac 9d Td
	 Jc 7c Th Jd 9s 6d 9c As 6c Jh 4d 4s Tc 6s Qc 5c 2s Kd 3c 7d 8d Qh
	 2d 3h Js Ah 7s Kc Ad Kh

