pcg_mcg_16_xsh_rr_8_random_r:
      -  result:      8-bit unsigned int (uint8_t)
      -  period:      2^14
      -  state type:  struct pcg_state_16 (2 bytes)
      -  output func: XSH-RR

Round 1:
   8bit: 0x01 0x89 0x03 0x01 0x4a 0xd8 0x70 0x33 0xd2 0xa5 0x7b 0x5e 0x47 0x0b
  Again: 0x01 0x89 0x03 0x01 0x4a 0xd8 0x70 0x33 0xd2 0xa5 0x7b 0x5e 0x47 0x0b
  Coins: HHTTTHTHTHTHHTTHTHHTTTHTTHTTHTTTTHHHHHTTTHTTHHHHTHHTTTHHHHTHTTHHH
  Rolls: 3 6 6 3 6 5 3 1 5 3 1 3 6 1 5 2 1 2 2 5 5 5 2 5 6 3 3 4 3 6 6 4 6
  Cards: As Qs Jc Kc Qh Jd 3d 4d 4h 7h 8h 2h 6d 8s 2s Qc Ts 5c 7c 6s 6c 4c
	 5s Ks 9s Jh Js 7s 8d 2d 8c Kh 3h 9c Ad Td Ah Th 4s 5h 7d 9h Tc 2c
	 5d Kd Qd Ac 6h 3s 3c 9d

Round 2:
   8bit: 0x17 0x4b 0x63 0xfa 0xce 0x15 0x8d 0x11 0x8d 0xfe 0x62 0xfc 0xb6 0x20
  Again: 0x17 0x4b 0x63 0xfa 0xce 0x15 0x8d 0x11 0x8d 0xfe 0x62 0xfc 0xb6 0x20
  Coins: THTHTHHHTTTTTTTHHHHHHHHTTHHHHHHTHHTHHHTTHTTHHHTHTTTHHTHTTTHHTHHTT
  Rolls: 6 2 3 1 6 6 2 4 6 4 6 2 5 1 4 3 6 6 5 5 1 4 5 5 3 4 5 1 5 3 1 6 6
  Cards: Tc 9c 7h 6c Qs 5c Qh Js 7s 4d Jc Kc As 4h 8h 3d Ad 6h 6s Ks Jd 3c
	 4c Qd 6d 2h 4s 9d 5h 3h Th 2s 9s 8s Ah Ts 8d 9h Kh Qc 2c Ac 8c 5s
	 2d Jh 3s 7d Td 7c 5d Kd

Round 3:
   8bit: 0x7b 0x55 0x27 0x53 0x5d 0xaa 0x9c 0xc4 0xa0 0x76 0xa1 0xbb 0xb0 0x64
  Again: 0x7b 0x55 0x27 0x53 0x5d 0xaa 0x9c 0xc4 0xa0 0x76 0xa1 0xbb 0xb0 0x64
  Coins: HHHTTTTTHHTTHTHHHHHTTTTTTTHHTHTHHTTHHTTHTTTHTTTTTHTHTTHTHHHTTHHTT
  Rolls: 6 4 3 5 5 2 3 5 5 2 3 1 6 1 1 2 3 1 6 6 1 2 2 3 6 2 4 4 4 4 4 3 3
  Cards: Qh 2c Ad Td Jc Kc 2h 3s 8h 5d Qs Qd 2s Th 5c 9h Ts 6c 5h Tc 9s 8d
	 2d Ah 3c Ks 4d Js 9d 7s Kh 7c 3d 9c 8c Jh 7h 6d 3h As 4c 6s 5s Ac
	 8s 4h Jd 4s 7d Qc Kd 6h

Round 4:
   8bit: 0x71 0x99 0x5a 0x19 0xcd 0x5e 0x52 0x1e 0xd5 0x72 0x7f 0x81 0x01 0x8b
  Again: 0x71 0x99 0x5a 0x19 0xcd 0x5e 0x52 0x1e 0xd5 0x72 0x7f 0x81 0x01 0x8b
  Coins: TTTTTHHHTHTTTTTHHHHHHHHTTTHHTTHTTHTTHTHTTTTTTTHTHTTHTTTTHTHHTTTTT
  Rolls: 5 3 6 5 6 3 1 2 6 1 1 6 6 4 5 1 1 1 4 1 3 2 1 4 3 4 2 2 4 3 6 5 5
  Cards: 8s Kh 5h 3c 6h Tc 6s Td Kd 9h Qh Ks 3s 2h 3h 5d 2d Kc 9s 5s 2s Ac
	 Ad Qd 4d 8h Jd Th Jc Qs 9c 4h 7c 7h 4s Ah 8d 5c 3d Js 4c 6d As 8c
	 2c 7d Jh 7s Ts Qc 9d 6c

Round 5:
   8bit: 0xc8 0x21 0x5e 0xfb 0x47 0x1e 0x0e 0x49 0x43 0x88 0xc6 0x0f 0xa5 0xb4
  Again: 0xc8 0x21 0x5e 0xfb 0x47 0x1e 0x0e 0x49 0x43 0x88 0xc6 0x0f 0xa5 0xb4
  Coins: HHHTTHTTHHTTHHHHTTTHHTTHHHTTHHHTTTHHTHHHTTTHHHHHTHHTHHHHTTHHHHHTH
  Rolls: 5 1 6 4 5 3 1 1 5 1 4 1 6 3 2 6 2 1 2 5 1 5 6 3 2 4 4 3 1 2 3 6 2
  Cards: 5d 8h 5h 3h 4h 4c 7s 2h 8c 5c 9d As 2s Jh 7c Kc Tc 6s Ts Ks 5s Ac
	 9c Ad Js Kd Jd 3d 6h 4d Jc 2c Qh 7h 6c 9s Qc 2d Qs Th 4s 8d 9h Qd
	 7d 6d 3s 8s Td Ah 3c Kh

