pcg_mcg_64_xsl_rr_32_random_r:
      -  result:      32-bit unsigned int (uint32_t)
      -  period:      2^62
      -  state type:  struct pcg_state_64 (8 bytes)
      -  output func: XSL-RR

Round 1:
  32bit: 0x0000002b 0x3617c502 0x4a8ae596 0xb00afbae 0x8ab2f423 0x51034cd0
  Again: 0x0000002b 0x3617c502 0x4a8ae596 0xb00afbae 0x8ab2f423 0x51034cd0
  Coins: TTTTHTTHTTHTTHHTTHTTHHHHTHHHTTTTTTHTTHHTTHHTHTHTTHTTTHTTHTHTTHTTH
  Rolls: 2 4 3 6 6 5 4 2 3 3 6 4 4 4 3 6 4 5 4 4 3 2 2 6 6 2 5 3 2 1 6 1 1
  Cards: 3c 2s 2h 8c Jh 5h 9s Qc 8s Ad 4h 7h 8h Td Qs Js 8d 5s 3s Ts 5c Ac
	 6s 7d 2d Th 3d 6h 4c Qd Kh Jc 7c 9c Tc 9h 6d Qh Ah 4d 7s As Kd 2c
	 4s 9d 5d 6c 3h Kc Ks Jd

Round 2:
  32bit: 0x0e6c6a11 0xb28c664c 0xb7966760 0x9880ad97 0x702dabe4 0xdcb4e5d3
  Again: 0x0e6c6a11 0xb28c664c 0xb7966760 0x9880ad97 0x702dabe4 0xdcb4e5d3
  Coins: THTTHTHTTTTTHHTHTTHTTHTTTHHHHHTHTTTHTHHHTHHTHTTTHHHTHHTHHTTTHTTTH
  Rolls: 2 2 5 6 2 4 6 1 4 3 6 3 4 1 6 6 5 1 5 2 1 5 4 1 4 1 3 1 6 3 5 2 5
  Cards: 3c Kc 7d 4s 4c Qh 6c Kd 8d 8h 2s 5d 6d Js Jd 9d 7s 9c 5s Ah 8c 7c
	 6s Td Kh 4h 7h Tc 5h 2c 3d Qc 9s Qd Ac 2d 3h 9h Ad Qs Th 2h Jc Jh
	 Ts 8s 5c As Ks 3s 4d 6h

Round 3:
  32bit: 0x0e514f03 0x21e60e4f 0x6ca4132b 0x62cd5135 0x8bb2776c 0xa0123883
  Again: 0x0e514f03 0x21e60e4f 0x6ca4132b 0x62cd5135 0x8bb2776c 0xa0123883
  Coins: HHTTTTHHHTTTTHHHTTTTHHTTTTHHHHTTHTHTHTHHHHHTTTTHHHHTHHTTHHTHTHHHT
  Rolls: 2 2 2 4 5 2 4 1 3 6 1 2 6 1 4 1 2 2 3 5 3 3 3 1 5 5 3 5 3 3 1 1 4
  Cards: 8c 9s 4d 7s 6c Ts 2s 2h 8s 9d Jc Kd 2d Ah 4c 2c 8d Js Qh Kh 6h 3s
	 5s 6s 7c 5c 9c 9h Ac Ad 3c As 4s 6d 5d 8h Ks 4h Td Jd 5h 3h Jh Qc
	 Th Qs Tc 7h Kc Qd 3d 7d

Round 4:
  32bit: 0xc390694f 0x4fb33ba1 0x7313019e 0x6e87b4d1 0x8c43caa0 0x0d83b419
  Again: 0xc390694f 0x4fb33ba1 0x7313019e 0x6e87b4d1 0x8c43caa0 0x0d83b419
  Coins: TTTTTHHTHTTTHTTTHTTHTHHTHHTHHTHHTTTHHTTHHHTHTHHHTHHTTHTHHHTTHHHHH
  Rolls: 5 4 3 6 1 4 2 6 6 3 4 6 1 1 2 2 1 6 5 1 1 3 2 5 5 3 5 3 4 3 2 2 6
  Cards: Qc Jc Jd Ah 9h Kh 2d 5s 5c 6s 7c 4s 4d 4c Qs 7s 8c 9s As Td 9d 3c
	 3s Tc 3d 6c 3h 5d Kc 4h 2c 6h Js 8d Kd 9c Ts Qh 2h Jh 2s Ks 8h Qd
	 Ac Th 6d 7d 8s 5h 7h Ad

Round 5:
  32bit: 0x49a752d3 0xe4736e9f 0x44162cad 0x2a5e93a6 0x4b81ef27 0x274f3e6a
  Again: 0x49a752d3 0xe4736e9f 0x44162cad 0x2a5e93a6 0x4b81ef27 0x274f3e6a
  Coins: TTTTTTTTTTHTTHHHTTHTTTHHHTHHTTHHTHHTHTHHHTHTHHHTTHTHHHHHHHTTTTTTH
  Rolls: 4 3 3 3 5 1 6 2 2 6 1 2 5 4 2 2 6 5 6 2 4 6 3 3 6 4 1 4 4 2 3 2 2
  Cards: Jd 3d Jh 2c Kd Qh As Ac 8c 6c 7h Qs 9c 9d Js 5c Ks 2h 4d 5h 7s Kh
	 Qc 9h 6h Th 4h Ah 7c 4s 8s Kc Ts 9s 5s Ad Tc Td 8h Qd 2d 6s 3h 4c
	 6d 3c Jc 8d 2s 7d 5d 3s

