pcg8si_random_r:
      -  result:      8-bit unsigned int (uint8_t)
      -  period:      2^8
      -  state type:  pcg8si_random_t (1 bytes)
      -  output func: RXS-M-XS

Round 1:
   8bit: 0x2e 0x44 0x2f 0x91 0x50 0x84 0xcb 0x60 0x4b 0xe5 0x5f 0x97 0x0f 0x58
  Again: 0x2e 0x44 0x2f 0x91 0x50 0x84 0xcb 0x60 0x4b 0xe5 0x5f 0x97 0x0f 0x58
  Coins: THTTTHHTHHTHTTTHTHHTTTTHTTHHHHHTHHHTTTHHHTHHHTTTTTTHHHTTHTHTTTHHH
  Rolls: 6 5 2 5 6 5 6 3 5 5 6 6 4 1 2 4 5 6 6 3 1 3 5 5 3 5 5 2 3 5 4 1 2
  Cards: Qs 8s 6s 3s 3h Qc Ad 2h 6c 8d Kc Kd 9s Jc Jh 3d 9h 4s Ts Ks 8h 9d
	 Jd 5s 3c 7c 2c Qh 7h Tc 2s 4h 8c Ac Th 4d 5c Ah 6h 5d 9c Kh 7s 2d
	 Qd As 5h Td Js 7d 4c 6d

Round 2:
   8bit: 0x63 0xbb 0x9e 0xe7 0xc7 0x98 0x16 0xd1 0x85 0x31 0x8f 0xae 0xda 0x7d
  Again: 0x63 0xbb 0x9e 0xe7 0xc7 0x98 0x16 0xd1 0x85 0x31 0x8f 0xae 0xda 0x7d
  Coins: TTHHTTTTHHHTTHHTTHHHHHTTHHTHTTTHTHHHHHHTHHTTHTHTTHHHTTHHHHTTTHHHH
  Rolls: 5 1 4 6 6 3 5 4 5 3 6 2 3 1 6 1 4 2 6 2 4 5 1 2 1 1 1 6 2 3 4 4 3
  Cards: 4s As 6s 7s 8s Ad Th 8d Jh 9d 5s Qs 4c Kd 4d Js 5d 9h Qh 7h 2h Ah
	 3d 7d 3s 3h 3c Tc 8c 7c 4h Kc 5h 5c 2s Td Ac 6h Ts Ks Qc 6d 2d Jd
	 2c Jc Qd 9c 8h Kh 6c 9s

Round 3:
   8bit: 0x33 0x41 0xf9 0xe3 0x82 0x79 0xca 0xfb 0x6a 0xf5 0x14 0xb2 0x00 0xa6
  Again: 0x33 0x41 0xf9 0xe3 0x82 0x79 0xca 0xfb 0x6a 0xf5 0x14 0xb2 0x00 0xa6
  Coins: HHHTHHTHHHTTTTTTTTTHTTHTHTHTTTTHTTHHTHTTTTTHTHHHTHTTTHHTHTHTTTHHT
  Rolls: 2 5 2 1 5 6 6 5 1 4 4 1 1 4 4 2 3 4 2 3 5 6 2 2 6 1 3 6 5 3 2 4 1
  Cards: Kd Jd Ad Ks 9c Kc 2h Ac 8d 3h Qc 8s 6d 8c 2s 7c Tc 9d 9s 7h Td 3c
	 Jh Th 6s 6h Ts Qd Qs 5c 4d 7s 4h 2d 4c 6c 7d 2c Ah Js As 9h 3s 5s
	 8h 3d Jc 4s Qh Kh 5h 5d

Round 4:
   8bit: 0x95 0x92 0x18 0x88 0x6d 0xad 0x99 0x59 0x8e 0x36 0x1b 0x77 0x3b 0x80
  Again: 0x95 0x92 0x18 0x88 0x6d 0xad 0x99 0x59 0x8e 0x36 0x1b 0x77 0x3b 0x80
  Coins: THTTHHTTHTHHHHHTTHTTTHHTHHTHTTTHTHHTTTTHTTHHHHHTHHHTTTHHHTHHHTTTT
  Rolls: 1 1 6 6 6 3 1 6 3 2 5 1 1 4 6 4 6 5 2 5 6 5 6 3 5 5 6 6 4 1 2 4 5
  Cards: 8d Td Ts 5s Qs Tc Kc Kd 7c Ks 3h 3d 4c 4d 3s 8c Jc 7h Jh Qh Js 8s
	 Qd 8h Th 3c 9c 9s Ad 9d 5c 4h 2c 6h 5h 2s Jd Qc As 2h 6c Ac Kh 5d
	 9h 6d Ah 7d 4s 2d 6s 7s

Round 5:
   8bit: 0xd5 0xdd 0xba 0xf1 0x4c 0x9d 0xd2 0xd6 0xc5 0x4d 0x04 0x72 0x15 0x3f
  Again: 0xd5 0xdd 0xba 0xf1 0x4c 0x9d 0xd2 0xd6 0xc5 0x4d 0x04 0x72 0x15 0x3f
  Coins: TTHHHTHHTTHHHHTTHTTHHTTTTHHHTTHHTTHHHHHTTHHTHTTTHTHHHHHHTHHTTHTHT
  Rolls: 1 2 6 4 1 5 2 6 6 6 3 1 5 2 6 4 6 5 1 4 6 6 3 5 4 5 3 6 2 3 1 6 1
  Cards: Ts 3s 2s 8s 8c Qs Kh Qh Qd 5h Ad Kd 9c 4c 7h 5d Jd Ac 3c 5c 9h As
	 5s 4d 7d 9s 8d 3h 8h Jc 3d 4h 7s 6h Kc Ah Td 4s 2d 9d Tc 2c Js 6d
	 6c Ks Th Jh 2h Qc 7c 6s

