pcg128i_random_r:
      -  result:      128-bit unsigned int (pcg128_t)
      -  period:      2^128   (* 2^127 streams)
      -  state type:  pcg128i_random_t (32 bytes)
      -  output func: RXS-M-XS

Round 1:
 128bit: 0xa8a720f5a159081c618b176cf5862246 0xb29c5717724f8aa750aeecd6858ffe10
	 0x218f48a6286a8e2975388c4e976edbc2 0x25b87162fd532772c2335c62014d1b85
	 0xa4702c543aceda62a39c1a78d96bc49c 0x58a055e64cc295b3d1a2fbeb433921cf
  Again: 0xa8a720f5a159081c618b176cf5862246 0xb29c5717724f8aa750aeecd6858ffe10
	 0x218f48a6286a8e2975388c4e976edbc2 0x25b87162fd532772c2335c62014d1b85
	 0xa4702c543aceda62a39c1a78d96bc49c 0x58a055e64cc295b3d1a2fbeb433921cf
  Coins: THTTTHTHTTHHTHTHTTHTTTTHTTTHHHTHTTTHHTHHHTHHHTHTTHTTTTHTTTTHTHTTH
  Rolls: 6 6 5 6 5 5 5 3 5 3 5 4 2 3 5 5 3 2 4 1 2 1 5 3 5 1 3 3 2 2 2 3 4
  Cards: 2d 7d 7c 8c 3s 8s Jh Ah Ac Kc 4c 5c 2s 6c 3h Ks 5s 3d 4h 9c 8d Kd
	 Qs 2c Jc Qd Qc Ts Qh 7s 9h 6d Td Tc 7h 6s 4s 6h Th 5h Kh 9s 9d 2h
	 Ad Jd 3c Js As 5d 4d 8h

Round 2:
 128bit: 0x3c0fad5376d47aafa7461cdbae0fa336 0xe3e21be58ff382f724b5f0459cd1f608
	 0x46619270b96b46193300d8eab78dcc51 0xd26e72b9e2bddf6cf681b2f68c6b760b
	 0x02c02469fcf7a7d7923e3313a92838f7 0x7e8a8c7905a13c5c8f4b2fe0873d562c
  Again: 0x3c0fad5376d47aafa7461cdbae0fa336 0xe3e21be58ff382f724b5f0459cd1f608
	 0x46619270b96b46193300d8eab78dcc51 0xd26e72b9e2bddf6cf681b2f68c6b760b
	 0x02c02469fcf7a7d7923e3313a92838f7 0x7e8a8c7905a13c5c8f4b2fe0873d562c
  Coins: HHTHTHHTHTTHHTTHTTHTHTHTTHHHHTTHHTHHTTTHTTTTHHTHTTTHHTHHTHTTHTTHT
  Rolls: 6 5 2 3 3 5 6 6 2 2 4 1 5 1 6 5 4 6 5 5 3 2 3 6 1 4 3 5 6 4 3 3 5
  Cards: 2h Jc Qh 6h Ah 5s 7h 4s 5c Th 4c Ad 8h Kd 7d Jh Kh 8s 6d Kc 2d As
	 9d 4h Js 7c 3s Tc Qc Ts 3c 2c 8c 9h Td 3d 8d Qd 6s Ks 6c Jd 7s 5d
	 Ac 5h 3h 9c 2s 9s 4d Qs

Round 3:
 128bit: 0x9f56c785fd76fed13bc26b15526e3288 0x34b216e9ea26f21f8f53ef9c8001068b
	 0x6dc1e3bf7c504cef179dd097fb99a965 0xe0376299fe18e2055a4d0382bed05c3a
	 0x71839441ac295e98be691914dfc98dd3 0x781f153289075aea1c7b82555de8ac5f
  Again: 0x9f56c785fd76fed13bc26b15526e3288 0x34b216e9ea26f21f8f53ef9c8001068b
	 0x6dc1e3bf7c504cef179dd097fb99a965 0xe0376299fe18e2055a4d0382bed05c3a
	 0x71839441ac295e98be691914dfc98dd3 0x781f153289075aea1c7b82555de8ac5f
  Coins: TTHTTHHHHTHHTTTTTTHHHTHTHTTTHHTHTTHHTTTHHHHTTHTHHTTHTHTTTHHHTTHTH
  Rolls: 2 2 5 6 6 2 5 5 2 5 1 5 3 2 2 1 5 6 6 5 2 4 3 5 4 1 5 6 4 3 4 6 4
  Cards: 3c Kd 8d 6h 5c 2c Jc Js 2s Ks 7s Th 3s 5d Td 9c Tc 8h 7h Ts 4s 6c
	 Ac Ah 8c As 4c 9d Kc 6s 4d 7d Ad Kh 7c Jd Qs 5h Qh Qd Jh 3h 2h 5s
	 6d 3d 4h Qc 9h 9s 8s 2d

Round 4:
 128bit: 0x9c9eabddd0d0e1a24d1e66d46c0623cc 0x2653d5eb35b9a05b780e118455aab586
	 0x3af1f1fde7e4181e048388d4bc8b94e9 0x6c43d49a15245aa77d16a5f748218561
	 0xea8ac2b3179d37365e50c41c11ab156c 0x9da1de8130c97940af3f29bbc3509e14
  Again: 0x9c9eabddd0d0e1a24d1e66d46c0623cc 0x2653d5eb35b9a05b780e118455aab586
	 0x3af1f1fde7e4181e048388d4bc8b94e9 0x6c43d49a15245aa77d16a5f748218561
	 0xea8ac2b3179d37365e50c41c11ab156c 0x9da1de8130c97940af3f29bbc3509e14
  Coins: HHTTTHTHHHHTTHTHTTHHTHTHTTTHHHTHHHHHHHTTTTTTTTTTTHTHTHHHHTTTTHTHT
  Rolls: 3 3 3 1 5 3 2 3 3 4 3 3 1 3 4 4 3 2 5 3 2 4 2 2 4 3 5 2 5 3 2 3 2
  Cards: 5s 9d Ks Kh Td 7d Jd 9s 6c 7s 8d Jh 6s 2h 7h 9c 4s 3s 8h Jc Qs 2d
	 8c 2s 5c 6d Tc 3h 8s Ah Ad 3d As Qh Qc Qd Th 4d 4c 9h 5h 2c Kd 7c
	 Js 5d 6h Ts 3c Kc Ac 4h

Round 5:
 128bit: 0x4afcdf7acd93504e3c360a653ebf4543 0x0e24c8ff487ea0c688a6b8356e39acd8
	 0x63d8382a4178aa67c8a7d960b6ea9e71 0xf2c88c2594e21bf8434a4d68c29e0164
	 0x937f71ab166ebf3c0caf1b7bae1dcfca 0x6537fcdd80163fbea6cc1bd0d1156027
  Again: 0x4afcdf7acd93504e3c360a653ebf4543 0x0e24c8ff487ea0c688a6b8356e39acd8
	 0x63d8382a4178aa67c8a7d960b6ea9e71 0xf2c88c2594e21bf8434a4d68c29e0164
	 0x937f71ab166ebf3c0caf1b7bae1dcfca 0x6537fcdd80163fbea6cc1bd0d1156027
  Coins: HHTTHHHTTTHTHHTHHTTTTTHTHTTHHHTTHHHHHHTHHHHTTHHHTHHTTHHTTTTTTHHTT
  Rolls: 5 6 3 6 3 2 1 4 2 1 3 3 4 2 3 3 1 6 1 1 1 6 5 6 3 6 6 6 2 6 3 6 4
  Cards: 6d 9c 3s 8c 7h 5s Js 8s 9s 5c Kd 7c Qc Td 6c Ts Tc 2d 2s Ac 5h 8h
	 3h Jd 2c Qh 9d As 4c 6h 5d Kh Ah 4d Jh 4s Kc Th Qd Qs Ks Jc 9h 3c
	 7s 4h 2h 8d Ad 3d 7d 6s

